This is pdfTeX, Version 3.141592653-2.6-1.40.28 (MiKTeX 25.12) (preloaded format=pdflatex 2026.6.18)  18 JUN 2026 16:35
entering extended mode
 restricted \write18 enabled.
 %&-line parsing enabled.
**./config_generation_algorithm.tex
(config_generation_algorithm.tex
LaTeX2e <2025-11-01>
L3 programming layer <2025-12-24>
(C:\Users\Probe\AppData\Local\Programs\MiKTeX\tex/latex/base\article.cls
Document Class: article 2025/01/22 v1.4n Standard LaTeX document class
(C:\Users\Probe\AppData\Local\Programs\MiKTeX\tex/latex/base\size11.clo
File: size11.clo 2025/01/22 v1.4n Standard LaTeX file (size option)
)
\c@part=\count275
\c@section=\count276
\c@subsection=\count277
\c@subsubsection=\count278
\c@paragraph=\count279
\c@subparagraph=\count280
\c@figure=\count281
\c@table=\count282
\abovecaptionskip=\skip49
\belowcaptionskip=\skip50
\bibindent=\dimen148
)
(C:\Users\Probe\AppData\Local\Programs\MiKTeX\tex/latex/geometry\geometry.sty
Package: geometry 2026/03/07 v6.0 Page Geometry

(C:\Users\Probe\AppData\Local\Programs\MiKTeX\tex/latex/graphics\keyval.sty
Package: keyval 2022/05/29 v1.15 key=value parser (DPC)
\KV@toks@=\toks17
)
(C:\Users\Probe\AppData\Local\Programs\MiKTeX\tex/generic/iftex\ifvtex.sty
Package: ifvtex 2019/10/25 v1.7 ifvtex legacy package. Use iftex instead.

(C:\Users\Probe\AppData\Local\Programs\MiKTeX\tex/generic/iftex\iftex.sty
Package: iftex 2024/12/12 v1.0g TeX engine tests
))
\Gm@cnth=\count283
\Gm@cntv=\count284
\c@Gm@tempcnt=\count285
\Gm@bindingoffset=\dimen149
\Gm@wd@mp=\dimen150
\Gm@odd@mp=\dimen151
\Gm@even@mp=\dimen152
\Gm@layoutwidth=\dimen153
\Gm@layoutheight=\dimen154
\Gm@layouthoffset=\dimen155
\Gm@layoutvoffset=\dimen156
\Gm@dimlist=\toks18

(C:\Users\Probe\AppData\Local\Programs\MiKTeX\tex/latex/geometry\geometry.cfg))

(C:\Users\Probe\AppData\Local\Programs\MiKTeX\tex/latex/algorithms\algorithm.st
y
Package: algorithm 2009/08/24 v0.1 Document Style `algorithm' - floating enviro
nment
 (C:\Users\Probe\AppData\Local\Programs\MiKTeX\tex/latex/float\float.sty
Package: float 2001/11/08 v1.3d Float enhancements (AL)
\c@float@type=\count286
\float@exts=\toks19
\float@box=\box53
\@float@everytoks=\toks20
\@floatcapt=\box54
)
(C:\Users\Probe\AppData\Local\Programs\MiKTeX\tex/latex/base\ifthen.sty
Package: ifthen 2024/03/16 v1.1e Standard LaTeX ifthen package (DPC)
)
\@float@every@algorithm=\toks21
\c@algorithm=\count287
)
(C:\Users\Probe\AppData\Local\Programs\MiKTeX\tex/latex/algorithmicx\algpseudoc
ode.sty
Package: algpseudocode 

(C:\Users\Probe\AppData\Local\Programs\MiKTeX\tex/latex/algorithmicx\algorithmi
cx.sty
Package: algorithmicx 2005/04/27 v1.2 Algorithmicx

Document Style algorithmicx 1.2 - a greatly improved `algorithmic' style
\c@ALG@line=\count288
\c@ALG@rem=\count289
\c@ALG@nested=\count290
\ALG@tlm=\skip51
\ALG@thistlm=\skip52
\c@ALG@Lnr=\count291
\c@ALG@blocknr=\count292
\c@ALG@storecount=\count293
\c@ALG@tmpcounter=\count294
\ALG@tmplength=\skip53
)
Document Style - pseudocode environments for use with the `algorithmicx' style
) (C:\Users\Probe\AppData\Local\Programs\MiKTeX\tex/latex/booktabs\booktabs.sty
Package: booktabs 2020/01/12 v1.61803398 Publication quality tables
\heavyrulewidth=\dimen157
\lightrulewidth=\dimen158
\cmidrulewidth=\dimen159
\belowrulesep=\dimen160
\belowbottomsep=\dimen161
\aboverulesep=\dimen162
\abovetopsep=\dimen163
\cmidrulesep=\dimen164
\cmidrulekern=\dimen165
\defaultaddspace=\dimen166
\@cmidla=\count295
\@cmidlb=\count296
\@aboverulesep=\dimen167
\@belowrulesep=\dimen168
\@thisruleclass=\count297
\@lastruleclass=\count298
\@thisrulewidth=\dimen169
) (C:\Users\Probe\AppData\Local\Programs\MiKTeX\tex/latex/hyperref\hyperref.sty
Package: hyperref 2025-07-12 v7.01o Hypertext links for LaTeX

(C:\Users\Probe\AppData\Local\Programs\MiKTeX\tex/latex/kvsetkeys\kvsetkeys.sty
Package: kvsetkeys 2022-10-05 v1.19 Key value parser (HO)
)
(C:\Users\Probe\AppData\Local\Programs\MiKTeX\tex/generic/kvdefinekeys\kvdefine
keys.sty
Package: kvdefinekeys 2019-12-19 v1.6 Define keys (HO)
)
(C:\Users\Probe\AppData\Local\Programs\MiKTeX\tex/generic/pdfescape\pdfescape.s
ty
Package: pdfescape 2019/12/09 v1.15 Implements pdfTeX's escape features (HO)

(C:\Users\Probe\AppData\Local\Programs\MiKTeX\tex/generic/ltxcmds\ltxcmds.sty
Package: ltxcmds 2023-12-04 v1.26 LaTeX kernel commands for general use (HO)
)
(C:\Users\Probe\AppData\Local\Programs\MiKTeX\tex/generic/pdftexcmds\pdftexcmds
.sty
Package: pdftexcmds 2020-06-27 v0.33 Utility functions of pdfTeX for LuaTeX (HO
)

(C:\Users\Probe\AppData\Local\Programs\MiKTeX\tex/generic/infwarerr\infwarerr.s
ty
Package: infwarerr 2019/12/03 v1.5 Providing info/warning/error messages (HO)
)
Package pdftexcmds Info: \pdf@primitive is available.
Package pdftexcmds Info: \pdf@ifprimitive is available.
Package pdftexcmds Info: \pdfdraftmode found.
))
(C:\Users\Probe\AppData\Local\Programs\MiKTeX\tex/latex/hycolor\hycolor.sty
Package: hycolor 2020-01-27 v1.10 Color options for hyperref/bookmark (HO)
)
(C:\Users\Probe\AppData\Local\Programs\MiKTeX\tex/latex/hyperref\nameref.sty
Package: nameref 2025-06-21 v2.57 Cross-referencing by name of section

(C:\Users\Probe\AppData\Local\Programs\MiKTeX\tex/latex/refcount\refcount.sty
Package: refcount 2019/12/15 v3.6 Data extraction from label references (HO)
)
(C:\Users\Probe\AppData\Local\Programs\MiKTeX\tex/generic/gettitlestring\gettit
lestring.sty
Package: gettitlestring 2019/12/15 v1.6 Cleanup title references (HO)

(C:\Users\Probe\AppData\Local\Programs\MiKTeX\tex/latex/kvoptions\kvoptions.sty
Package: kvoptions 2022-06-15 v3.15 Key value format for package options (HO)
))
\c@section@level=\count299
)
(C:\Users\Probe\AppData\Local\Programs\MiKTeX\tex/latex/etoolbox\etoolbox.sty
Package: etoolbox 2025/10/02 v2.5m e-TeX tools for LaTeX (JAW)
\etb@tempcnta=\count300
)
(C:\Users\Probe\AppData\Local\Programs\MiKTeX\tex/generic/stringenc\stringenc.s
ty
Package: stringenc 2019/11/29 v1.12 Convert strings between diff. encodings (HO
)
)
\@linkdim=\dimen170
\Hy@linkcounter=\count301
\Hy@pagecounter=\count302
 (C:\Users\Probe\AppData\Local\Programs\MiKTeX\tex/latex/hyperref\pd1enc.def
File: pd1enc.def 2025-07-12 v7.01o Hyperref: PDFDocEncoding definition (HO)
Now handling font encoding PD1 ...
... no UTF-8 mapping file for font encoding PD1
) (C:\Users\Probe\AppData\Local\Programs\MiKTeX\tex/generic/intcalc\intcalc.sty
Package: intcalc 2019/12/15 v1.3 Expandable calculations with integers (HO)
)
\Hy@SavedSpaceFactor=\count303
 (C:\Users\Probe\AppData\Local\Programs\MiKTeX\tex/latex/hyperref\puenc.def
File: puenc.def 2025-07-12 v7.01o Hyperref: PDF Unicode definition (HO)
Now handling font encoding PU ...
... no UTF-8 mapping file for font encoding PU
)
Package hyperref Info: Hyper figures OFF on input line 4195.
Package hyperref Info: Link nesting OFF on input line 4200.
Package hyperref Info: Hyper index ON on input line 4203.
Package hyperref Info: Plain pages OFF on input line 4210.
Package hyperref Info: Backreferencing OFF on input line 4215.
Package hyperref Info: Implicit mode ON; LaTeX internals redefined.
Package hyperref Info: Bookmarks ON on input line 4462.
\c@Hy@tempcnt=\count304

(C:\Users\Probe\AppData\Local\Programs\MiKTeX\tex/latex/url\url.sty
\Urlmuskip=\muskip17
Package: url 2013/09/16  ver 3.4  Verb mode for urls, etc.
)
LaTeX Info: Redefining \url on input line 4801.
\XeTeXLinkMargin=\dimen171

(C:\Users\Probe\AppData\Local\Programs\MiKTeX\tex/generic/bitset\bitset.sty
Package: bitset 2019/12/09 v1.3 Handle bit-vector datatype (HO)

(C:\Users\Probe\AppData\Local\Programs\MiKTeX\tex/generic/bigintcalc\bigintcalc
.sty
Package: bigintcalc 2019/12/15 v1.5 Expandable calculations on big integers (HO
)
))
\Fld@menulength=\count305
\Field@Width=\dimen172
\Fld@charsize=\dimen173
Package hyperref Info: Hyper figures OFF on input line 6078.
Package hyperref Info: Link nesting OFF on input line 6083.
Package hyperref Info: Hyper index ON on input line 6086.
Package hyperref Info: backreferencing OFF on input line 6093.
Package hyperref Info: Link coloring OFF on input line 6098.
Package hyperref Info: Link coloring with OCG OFF on input line 6103.
Package hyperref Info: PDF/A mode OFF on input line 6108.
\Hy@abspage=\count306
\c@Item=\count307
\c@Hfootnote=\count308
)
Package hyperref Info: Driver (autodetected): hpdftex.

(C:\Users\Probe\AppData\Local\Programs\MiKTeX\tex/latex/hyperref\hpdftex.def
File: hpdftex.def 2025-07-12 v7.01o Hyperref driver for pdfTeX
\Fld@listcount=\count309
\c@bookmark@seq@number=\count310

(C:\Users\Probe\AppData\Local\Programs\MiKTeX\tex/latex/rerunfilecheck\rerunfil
echeck.sty
Package: rerunfilecheck 2025-06-21 v1.11 Rerun checks for auxiliary files (HO)

(C:\Users\Probe\AppData\Local\Programs\MiKTeX\tex/generic/uniquecounter\uniquec
ounter.sty
Package: uniquecounter 2019/12/15 v1.4 Provide unlimited unique counter (HO)
)
Package uniquecounter Info: New unique counter `rerunfilecheck' on input line 2
84.
)
\Hy@SectionHShift=\skip54
)
(C:\Users\Probe\AppData\Local\Programs\MiKTeX\tex/latex/l3backend\l3backend-pdf
tex.def
File: l3backend-pdftex.def 2025-10-09 L3 backend support: PDF output (pdfTeX)
\l__color_backend_stack_int=\count311
) (config_generation_algorithm.aux)
\openout1 = `config_generation_algorithm.aux'.

LaTeX Font Info:    Checking defaults for OML/cmm/m/it on input line 13.
LaTeX Font Info:    ... okay on input line 13.
LaTeX Font Info:    Checking defaults for OMS/cmsy/m/n on input line 13.
LaTeX Font Info:    ... okay on input line 13.
LaTeX Font Info:    Checking defaults for OT1/cmr/m/n on input line 13.
LaTeX Font Info:    ... okay on input line 13.
LaTeX Font Info:    Checking defaults for T1/cmr/m/n on input line 13.
LaTeX Font Info:    ... okay on input line 13.
LaTeX Font Info:    Checking defaults for TS1/cmr/m/n on input line 13.
LaTeX Font Info:    ... okay on input line 13.
LaTeX Font Info:    Checking defaults for OMX/cmex/m/n on input line 13.
LaTeX Font Info:    ... okay on input line 13.
LaTeX Font Info:    Checking defaults for U/cmr/m/n on input line 13.
LaTeX Font Info:    ... okay on input line 13.
LaTeX Font Info:    Checking defaults for PD1/pdf/m/n on input line 13.
LaTeX Font Info:    ... okay on input line 13.
LaTeX Font Info:    Checking defaults for PU/pdf/m/n on input line 13.
LaTeX Font Info:    ... okay on input line 13.

*geometry* driver: auto-detecting
*geometry* detected driver: pdftex
*geometry* verbose mode - [ preamble ] result:
* driver: pdftex
* paper: a4paper
* layout: <same size as paper>
* layoutoffset:(h,v)=(0.0pt,0.0pt)
* modes: 
* h-part:(L,W,R)=(71.13188pt, 455.24411pt, 71.13188pt)
* v-part:(T,H,B)=(71.13188pt, 702.78308pt, 71.13188pt)
* \paperwidth=597.50787pt
* \paperheight=845.04684pt
* \textwidth=455.24411pt
* \textheight=702.78308pt
* \oddsidemargin=-1.1381pt
* \evensidemargin=-1.1381pt
* \topmargin=-38.1381pt
* \headheight=12.0pt
* \headsep=25.0pt
* \topskip=11.0pt
* \footskip=30.0pt
* \marginparwidth=59.0pt
* \marginparsep=10.0pt
* \columnsep=10.0pt
* \skip\footins=10.0pt plus 4.0pt minus 2.0pt
* \hoffset=0.0pt
* \voffset=0.0pt
* \mag=1000
* \@twocolumnfalse
* \@twosidefalse
* \@mparswitchfalse
* \@reversemarginfalse
* (1in=72.27pt=25.4mm, 1cm=28.453pt)

Package hyperref Info: Link coloring OFF on input line 13.
(config_generation_algorithm.out) (config_generation_algorithm.out)
\@outlinefile=\write3
\openout3 = `config_generation_algorithm.out'.

 [1

{C:/Users/Probe/AppData/Local/MiKTeX/fonts/map/pdftex/pdftex.map}]
LaTeX Font Info:    External font `cmex10' loaded for size
(Font)              <10.95> on input line 78.
LaTeX Font Info:    External font `cmex10' loaded for size
(Font)              <8> on input line 78.
LaTeX Font Info:    External font `cmex10' loaded for size
(Font)              <6> on input line 78.

Overfull \hbox (33.39435pt too wide) in paragraph at lines 152--152
[]      \OT1/cmtt/m/n/10.95 "transformers": [ { "type": "<built-in transformer>
", "<kwarg>": "<value>" } ],[] 
 []

[2]
Underfull \hbox (badness 10000) in paragraph at lines 169--169
[]\OT1/cmr/m/n/10.95 Traditional / cen-
 []


Underfull \hbox (badness 10000) in paragraph at lines 174--174
[]\OT1/cmr/m/n/10.95 many,
 []


Underfull \hbox (badness 3417) in paragraph at lines 175--175
[]\OT1/cmr/m/n/10.95 records (or a
 []


Underfull \hbox (badness 4673) in paragraph at lines 178--178
[]$\OML/cmm/m/it/10.95 N$ \OT1/cmr/m/n/10.95 cap-ture,
 []


Underfull \hbox (badness 10000) in paragraph at lines 179--179
[]\OT1/cmr/m/n/10.95 records to
 []


Underfull \hbox (badness 10000) in paragraph at lines 179--179
\OT1/cmr/m/n/10.95 the anal-y-sis
 []


Underfull \hbox (badness 10000) in paragraph at lines 182--182
[]$\OML/cmm/m/it/10.95 N$ \OT1/cmr/m/n/10.95 cap-
 []


Overfull \hbox (3.86992pt too wide) in paragraph at lines 182--182
\OT1/cmr/m/n/10.95 ture+analyse
 []


Underfull \hbox (badness 10000) in paragraph at lines 182--182
\OT1/cmr/m/n/10.95 (+$
 []


Underfull \hbox (badness 10000) in paragraph at lines 183--183
[]\OT1/cmr/m/n/10.95 verdicts to
 []


Overfull \hbox (7.47972pt too wide) in paragraph at lines 165--188
[][] 
 []

[3]
Package hyperref Info: bookmark level for unknown algorithm defaults to 0 on in
put line 206.

! Undefined control sequence.
<argument> location $L$ in $\Pi .\text 
                                       {locations}$
l.212 ...l{location $L$ in $\Pi.\text{locations}$}
                                                  
? 
! Undefined control sequence.
l.214   \State $Y.\text
                       {monitor} \gets L.\text{output}$
? 
! Undefined control sequence.
l.214   \State $Y.\text{monitor} \gets L.\text
                                              {output}$
? 
! Undefined control sequence.
<argument> observation id $o$ in $L.\text 
                                          {captures}$
l.215 ...bservation id $o$ in $L.\text{captures}$}
                                                  
? 
! Undefined control sequence.
l.216     \State $obs \gets \Pi.\text
                                     {observations}[o]$
? 
! Undefined control sequence.
<argument> obs.\text 
                     {name},obs.\text {kind},obs.\text {type}
l.217 ...xt{name},obs.\text{kind},obs.\text{type}}
                                                  $
? 
! Undefined control sequence.
<argument> obs.\text {name},obs.\text 
                                      {kind},obs.\text {type}
l.217 ...xt{name},obs.\text{kind},obs.\text{type}}
                                                  $
? 
! Undefined control sequence.
<argument> ...t {name},obs.\text {kind},obs.\text 
                                                  {type}
l.217 ...xt{name},obs.\text{kind},obs.\text{type}}
                                                  $
? 
! Undefined control sequence.
<argument> (obs.\text 
                      {name},obs.\text {kind},obs.\text {type})
l.217 ...xt{name},obs.\text{kind},obs.\text{type}}
                                                  $
? 
! Undefined control sequence.
<argument> (obs.\text {name},obs.\text 
                                       {kind},obs.\text {type})
l.217 ...xt{name},obs.\text{kind},obs.\text{type}}
                                                  $
? 
! Undefined control sequence.
<argument> ...t {name},obs.\text {kind},obs.\text 
                                                  {type})
l.217 ...xt{name},obs.\text{kind},obs.\text{type}}
                                                  $
? 
! Undefined control sequence.
l.219     \State add $entry$ to $Y[obs.\text
                                            {kind}]$ \Comment{\texttt{topics...

? 
! Undefined control sequence.
l.223     \State $Y.\text
                         {verdict\_runner.source} \gets \Call{TransportSourc...

? 
! Undefined control sequence.
<argument> in.\text 
                    {transport}
l.223 ...all{TransportSource}{in.\text{transport}}
                                                  $
? 
! Undefined control sequence.
<argument> (in.\text 
                     {transport})
l.223 ...all{TransportSource}{in.\text{transport}}
                                                  $
? 
! Undefined control sequence.
<argument> monitor id $m$ in $L.\text 
                                      {hosts}$
l.225 ...orAll{monitor id $m$ in $L.\text{hosts}$}
                                                  
? 
! Undefined control sequence.
l.226     \State $mon \gets \Pi.\text
                                     {monitors}[m]$
? 
! Undefined control sequence.
<argument> mon.\text 
                     {converter}
l.227 ...MakeConverterEntry}{mon.\text{converter}}
                                                  $
? 
! Undefined control sequence.
<argument> (mon.\text 
                      {converter})
l.227 ...MakeConverterEntry}{mon.\text{converter}}
                                                  $
? 
! Undefined control sequence.
l.228     \State $chain.\text
                             {inputs} \gets \Call{ResolveInputNames}{mon.\te...

? 
! Undefined control sequence.
<argument> mon.\text 
                     {consumes},\Pi ,L
l.228 ...lveInputNames}{mon.\text{consumes},\Pi,L}
                                                  $
? 
! Undefined control sequence.
<argument> (mon.\text 
                      {consumes},\Pi ,L)
l.228 ...lveInputNames}{mon.\text{consumes},\Pi,L}
                                                  $
? 
! Undefined control sequence.
l.229     \State $chain.\text
                             {verdict} \gets \Call{MakeVerdictBlock}{mon.\te...

? 
! Undefined control sequence.
<argument> mon.\text 
                     {verdict}
l.229 ...all{MakeVerdictBlock}{mon.\text{verdict}}
                                                  $
? 
! Undefined control sequence.
<argument> (mon.\text 
                      {verdict})
l.229 ...all{MakeVerdictBlock}{mon.\text{verdict}}
                                                  $
? 
! Undefined control sequence.
l.230     \State $chain.\text
                             {verdict.exporters} \gets \Call{VerdictExporter...

? 
! Undefined control sequence.
l.231     \State add $chain$ to $Y.\text
                                        {converters}$
? 
[4

] [5] [6

]
LaTeX Font Info:    Font shape `OT1/cmtt/bx/n' in size <10.95> not available
(Font)              Font shape `OT1/cmtt/m/n' tried instead on input line 343.

Overfull \hbox (1.57248pt too wide) in paragraph at lines 352--356
[]\OT1/cmr/bx/n/10.95 Egress, \OT1/cmtt/m/n/10.95 verdicts\OT1/cmr/bx/n/10.95 .
 \OT1/cmr/m/n/10.95 A link with \OT1/cmtt/m/n/10.95 from \OT1/cmr/m/n/10.95 equ
al to the cur-rent lo-ca-tion and \OT1/cmtt/m/n/10.95 payload\OT1/cmr/m/n/10.95
 =\OT1/cmtt/m/n/10.95 verdicts
 []


Underfull \hbox (badness 6461) in paragraph at lines 390--390
[]\OT1/cmr/m/n/10.95 Traditional / cen-
 []


Underfull \hbox (badness 1331) in paragraph at lines 399--402
[]\OT1/cmr/m/n/10.95 robot lo-ca-tions: cap-tured ob-ser-va-
 []


Underfull \hbox (badness 1331) in paragraph at lines 404--407
[]\OT1/cmr/m/n/10.95 robot lo-ca-tions: cap-tured ob-ser-va-
 []


Underfull \hbox (badness 3000) in paragraph at lines 404--407
\OT1/cmr/m/n/10.95 tions, hosted lo-cal mon-i-tors, \OT1/cmr/m/it/10.95 and
 []


Underfull \hbox (badness 1616) in paragraph at lines 409--412
[]\OT1/cmr/m/n/10.95 recorder: cap-tured ob-ser-va-tions $+$
 []


Overfull \hbox (4.57962pt too wide) in paragraph at lines 386--414
[][] 
 []

[7] [8] (config_generation_algorithm.aux)
 ***********
LaTeX2e <2025-11-01>
L3 programming layer <2025-12-24>
 ***********
Package rerunfilecheck Info: File `config_generation_algorithm.out' has not cha
nged.
(rerunfilecheck)             Checksum: CD701D6362D789492BB2D5684B2B7890;2246.
 ) 
Here is how much of TeX's memory you used:
 8885 strings out of 467871
 139610 string characters out of 5418376
 565679 words of memory out of 5000000
 37668 multiletter control sequences out of 15000+600000
 633433 words of font info for 59 fonts, out of 8000000 for 9000
 1141 hyphenation exceptions out of 8191
 75i,9n,79p,381b,630s stack positions out of 10000i,1000n,20000p,200000b,200000s
 <C:\Users\Probe\AppData\Local\MiKTeX\fonts/pk/ljfour/jknappen/ec/dpi600\tcrm
1095.pk><C:/Users/Probe/AppData/Local/Programs/MiKTeX/fonts/type1/public/amsfon
ts/cm/cmbx10.pfb><C:/Users/Probe/AppData/Local/Programs/MiKTeX/fonts/type1/publ
ic/amsfonts/cm/cmbx12.pfb><C:/Users/Probe/AppData/Local/Programs/MiKTeX/fonts/t
ype1/public/amsfonts/cm/cmcsc10.pfb><C:/Users/Probe/AppData/Local/Programs/MiKT
eX/fonts/type1/public/amsfonts/cm/cmmi10.pfb><C:/Users/Probe/AppData/Local/Prog
rams/MiKTeX/fonts/type1/public/amsfonts/cm/cmr10.pfb><C:/Users/Probe/AppData/Lo
cal/Programs/MiKTeX/fonts/type1/public/amsfonts/cm/cmr9.pfb><C:/Users/Probe/App
Data/Local/Programs/MiKTeX/fonts/type1/public/amsfonts/cm/cmsy10.pfb><C:/Users/
Probe/AppData/Local/Programs/MiKTeX/fonts/type1/public/amsfonts/cm/cmti10.pfb><
C:/Users/Probe/AppData/Local/Programs/MiKTeX/fonts/type1/public/amsfonts/cm/cmt
t10.pfb>
Output written on config_generation_algorithm.pdf (8 pages, 171392 bytes).
PDF statistics:
 163 PDF objects out of 1000 (max. 8388607)
 31 named destinations out of 1000 (max. 500000)
 113 words of extra memory for PDF output out of 10000 (max. 10000000)

